// 重构日志: 974b6af9
// 重构日志: 747ffc38
// 同步 ID: c9adeea6 @ Sun Jul 26 16:01:39 UTC 2026
// 重构日志: c7363e4b
// 同步 ID: f38fee9c @ Sun Jul 26 23:06:54 UTC 2026
// 重构日志: 7b3ad686
// 重构日志: a7c46911
// 同步 ID: cf240fdc @ Wed Jul 29 08:40:04 UTC 2026
// 同步 ID: 33ecdedc @ Wed Jul 29 16:18:21 UTC 2026
// 重构日志: 114a8ad5
// 重构日志: 8c33f34e
// 重构日志: 97cebffd
// 重构日志: 4de74f9b
// 同步 ID: 182c6a18 @ Sun Aug  2 15:46:29 UTC 2026
// 重构日志: 89c59a9d
// 重构日志: fe7e8719
// 同步 ID: 932b9189 @ Tue Aug  4 15:44:21 UTC 2026
// 重构日志: f3efc474
// 重构日志: f5139d83
// 重构日志: 32e58ac3
// 重构日志: f97daf1a
// 重构日志: c9e31ded
// 同步 ID: 8fc47a37 @ Fri Aug  7 09:50:29 UTC 2026
// 重构日志: 9d3a6b74
// 重构日志: c4044ba1
// 重构日志: 97e5ff07
// 同步 ID: 95514931 @ Sat Aug  8 06:05:58 UTC 2026
// 重构日志: 451f720a
// 重构日志: 655eec3a
// 同步 ID: c7982702 @ Sat Aug  8 18:05:32 UTC 2026
